// Jest Snapshot v1, https://goo.gl/fbAQLP

exports[`FAB renders correctly 1`] = `null`;
