// Jest Snapshot v1, https://goo.gl/fbAQLP

exports[`TodoCategory renders correctly 1`] = `null`;
